// Jest Snapshot v1, https://goo.gl/fbAQLP

exports[`Person should match the snapshot with all correct data passed in 1`] = `
<div
  className="staff Person"
>
  <div>
    <button
      onClick={[Function]}
    >
      x
    </button>
  </div>
  <img
    alt="Person"
    src="./robbie.jpg"
  />
  <h3
    contentEditable="true"
    id="name"
    onBlur={[Function]}
    onKeyUp={[Function]}
    suppressContentEditableWarning={true}
  >
    Robbie
  </h3>
  <div
    className="quote"
  >
    <img
      alt="quote bubble"
      src={
        Object {
          "ReactComponent": Object {
            "$$typeof": Symbol(react.forward_ref),
            "render": [Function],
          },
          "__esModule": true,
          "default": "conversation.svg",
        }
      }
    />
    <p
      contentEditable="true"
      id="quote"
      onBlur={[Function]}
      onKeyUp={[Function]}
      suppressContentEditableWarning={true}
    >
      "
      Cool.
      "
    </p>
  </div>
  <div
    className="superlative"
  >
    <img
      alt="medal icon"
      src={
        Object {
          "ReactComponent": Object {
            "$$typeof": Symbol(react.forward_ref),
            "render": [Function],
          },
          "__esModule": true,
          "default": "medal.svg",
        }
      }
    />
    <h4
      contentEditable="true"
      id="superlative"
      onBlur={[Function]}
      onKeyUp={[Function]}
      suppressContentEditableWarning={true}
    >
      Most Likely to Be Accused of Murder
    </h4>
  </div>
</div>
`;
